> hvigor [32mUP-TO-DATE :entry:default@PreBuild...  [39m
> hvigor [32mFinished :entry:default@CreateModuleInfo... after 1 ms [39m
> hvigor [32mUP-TO-DATE :entry:default@GenerateMetadata...  [39m
> hvigor [32mFinished :entry:default@ConfigureCmake... after 1 ms [39m
> hvigor [32mUP-TO-DATE :entry:default@MergeProfile...  [39m
> hvigor [32mUP-TO-DATE :entry:default@CreateBuildProfile...  [39m
> hvigor [32mFinished :entry:default@PreCheckSyscap... after 1 ms [39m
> hvigor [32mFinished :entry:default@GeneratePkgContextInfo... after 4 ms [39m
> hvigor [32mFinished :entry:default@ProcessIntegratedHsp... after 1 ms [39m
> hvigor [32mFinished :entry:default@BuildNativeWithCmake... after 1 ms [39m
> hvigor [32mUP-TO-DATE :entry:default@MakePackInfo...  [39m
> hvigor [32mFinished :entry:default@SyscapTransform... after 3 ms [39m
> hvigor [32mUP-TO-DATE :entry:default@ProcessProfile...  [39m
> hvigor [32mUP-TO-DATE :entry:default@ProcessRouterMap...  [39m
> hvigor [32mUP-TO-DATE :entry:default@ProcessShareConfig...  [39m
> hvigor [32mFinished :entry:default@ProcessStartupConfig... after 1 ms [39m
> hvigor [32mFinished :entry:default@BuildNativeWithNinja... after 1 ms [39m
> hvigor [32mUP-TO-DATE :entry:default@ProcessResource...  [39m
> hvigor [32mUP-TO-DATE :entry:default@GenerateLoaderJson...  [39m
> hvigor [32mUP-TO-DATE :entry:default@ProcessLibs...  [39m
> hvigor [32mUP-TO-DATE :entry:default@CompileResource...  [39m
> hvigor [32mUP-TO-DATE :entry:default@DoNativeStrip...  [39m
> hvigor [32mFinished :entry:default@BuildJS... after 6 ms [39m
> hvigor [32mUP-TO-DATE :entry:default@CacheNativeLibs...  [39m
hvigorw : > hvigor [91mERROR: Failed :entry:default@CompileArkTS... [39m
所在位置 行:1 字符: 1
+ hvigorw assembleHap --mode module -p product=default 2>&1 | Out-File  ...
+ ~~~~~~~~~~~~~~~~~~~~~~~~~~~~~~~~~~~~~~~~~~~~~~~~~~~~~~~~~
    + CategoryInfo          : NotSpecified: (> hvigor [91mE...eArkTS... [39m:String) [], RemoteException
    + FullyQualifiedErrorId : NativeCommandError
 
> hvigor [33mWARN: 
[33m1 WARN: [33m[33mArkTS:WARN: For details about ArkTS syntax errors, see FAQs[39m[39m
[33m2 WARN: [33m[33mArkTS:WARN File: C:/Users/32328/Desktop/AI_emotion/entry/src/main/ets/services/ApiService.ets:431:26
 Function may throw exceptions. Special handling is required.
[39m[39m
[33m3 WARN: [33m[33mArkTS:WARN File: C:/Users/32328/Desktop/AI_emotion/entry/src/main/ets/pages/Index.ets:128:7
 'animateTo' has been deprecated.
[39m[39m
[33m4 WARN: [33m[33mArkTS:WARN File: C:/Users/32328/Desktop/AI_emotion/entry/src/main/ets/pages/Index.ets:146:36
 'matchMediaSync' has been deprecated.
[39m[39m
[33m5 WARN: [33m[33mArkTS:WARN File: C:/Users/32328/Desktop/AI_emotion/entry/src/main/ets/pages/Index.ets:238:9
 'animateTo' has been deprecated.
[39m[39m
[33m6 WARN: [33m[33mArkTS:WARN File: C:/Users/32328/Desktop/AI_emotion/entry/src/main/ets/pages/Index.ets:253:20
 'showToast' has been deprecated.
[39m[39m
[33m7 WARN: [33m[33mArkTS:WARN File: C:/Users/32328/Desktop/AI_emotion/entry/src/main/ets/pages/Index.ets:258:14
 'pushUrl' has been deprecated.
[39m[39m
[33m8 WARN: [33m[33mArkTS:WARN File: C:/Users/32328/Desktop/AI_emotion/entry/src/main/ets/pages/Index.ets:275:14
 'pushUrl' has been deprecated.
[39m[39m
[33m9 WARN: [33m[33mArkTS:WARN File: C:/Users/32328/Desktop/AI_emotion/entry/src/main/ets/pages/Index.ets:283:7
 'animateTo' has been deprecated.
[39m[39m
[33m10 WARN: [33m[33mArkTS:WARN File: C:/Users/32328/Desktop/AI_emotion/entry/src/main/ets/pages/Index.ets:305:22
 'showToast' has been deprecated.
[39m[39m
[33m11 WARN: [33m[33mArkTS:WARN File: C:/Users/32328/Desktop/AI_emotion/entry/src/main/ets/pages/Index.ets:310:16
 'replaceUrl' has been deprecated.
[39m[39m
[33m12 WARN: [33m[33mArkTS:WARN File: C:/Users/32328/Desktop/AI_emotion/entry/src/main/ets/pages/Index.ets:337:13
 'animateTo' has been deprecated.
[39m[39m
[33m13 WARN: [33m[33mArkTS:WARN File: C:/Users/32328/Desktop/AI_emotion/entry/src/main/ets/pages/Index.ets:638:9
 'animateTo' has been deprecated.
[39m[39m
[33m14 WARN: [33m[33mArkTS:WARN File: C:/Users/32328/Desktop/AI_emotion/entry/src/main/ets/pages/Index.ets:639:9
 'animateTo' has been deprecated.
[39m[39m
[33m15 WARN: [33m[33mArkTS:WARN File: C:/Users/32328/Desktop/AI_emotion/entry/src/main/ets/pages/Index.ets:844:26
 'pushUrl' has been deprecated.
[39m[39m
[33m16 WARN: [33m[33mArkTS:WARN File: C:/Users/32328/Desktop/AI_emotion/entry/src/main/ets/pages/Index.ets:992:26
 'showToast' has been deprecated.
[39m[39m
[33m17 WARN: [33m[33mArkTS:WARN File: C:/Users/32328/Desktop/AI_emotion/entry/src/main/ets/pages/Index.ets:1002:26
 'showToast' has been deprecated.
[39m[39m
[33m18 WARN: [33m[33mArkTS:WARN File: C:/Users/32328/Desktop/AI_emotion/entry/src/main/ets/pages/Index.ets:1004:26
 'showToast' has been deprecated.
[39m[39m
[33m19 WARN: [33m[33mArkTS:WARN File: C:/Users/32328/Desktop/AI_emotion/entry/src/main/ets/pages/Index.ets:1013:26
 'showToast' has been deprecated.
[39m[39m
[33m20 WARN: [33m[33mArkTS:WARN File: C:/Users/32328/Desktop/AI_emotion/entry/src/main/ets/pages/Index.ets:1021:26
 'showToast' has been deprecated.
[39m[39m
[33m21 WARN: [33m[33mArkTS:WARN File: C:/Users/32328/Desktop/AI_emotion/entry/src/main/ets/pages/Index.ets:1031:26
 'showToast' has been deprecated.
[39m[39m
[33m22 WARN: [33m[33mArkTS:WARN File: C:/Users/32328/Desktop/AI_emotion/entry/src/main/ets/pages/Index.ets:1033:26
 'showToast' has been deprecated.
[39m[39m
[33m23 WARN: [33m[33mArkTS:WARN File: C:/Users/32328/Desktop/AI_emotion/entry/src/main/ets/pages/LoginPage.ets:80:16
 'replaceUrl' has been deprecated.
[39m[39m
[33m24 WARN: [33m[33mArkTS:WARN File: C:/Users/32328/Desktop/AI_emotion/entry/src/main/ets/pages/LoginPage.ets:116:16
 'replaceUrl' has been deprecated.
[39m[39m
[33m25 WARN: [33m[33mArkTS:WARN File: C:/Users/32328/Desktop/AI_emotion/entry/src/main/ets/pages/LoginPage.ets:232:36
 'showToast' has been deprecated.
[39m[39m
[33m26 WARN: [33m[33mArkTS:WARN File: C:/Users/32328/Desktop/AI_emotion/entry/src/main/ets/pages/LoginPage.ets:237:30
 'replaceUrl' has been deprecated.
[39m[39m
[33m27 WARN: [33m[33mArkTS:WARN File: C:/Users/32328/Desktop/AI_emotion/entry/src/main/ets/components/CommonTabBar.ets:23:36
 'matchMediaSync' has been deprecated.
[39m[39m
[33m28 WARN: [33m[33mArkTS:WARN File: C:/Users/32328/Desktop/AI_emotion/entry/src/main/ets/components/CommonTabBar.ets:48:14
 'replaceUrl' has been deprecated.
[39m[39m
[33m29 WARN: [33m[33mArkTS:WARN File: C:/Users/32328/Desktop/AI_emotion/entry/src/main/ets/pages/Chat.ets:49:36
 'matchMediaSync' has been deprecated.
[39m[39m
[33m30 WARN: [33m[33mArkTS:WARN File: C:/Users/32328/Desktop/AI_emotion/entry/src/main/ets/pages/Chat.ets:110:22
 'back' has been deprecated.
[39m[39m
[33m31 WARN: [33m[33mArkTS:WARN File: C:/Users/32328/Desktop/AI_emotion/entry/src/main/ets/pages/Chat.ets:211:24
 'pushUrl' has been deprecated.
[39m[39m
[33m32 WARN: [33m[33mArkTS:WARN File: C:/Users/32328/Desktop/AI_emotion/entry/src/main/ets/pages/Chat.ets:279:20
 'back' has been deprecated.
[39m[39m
[33m33 WARN: [33m[33mArkTS:WARN File: C:/Users/32328/Desktop/AI_emotion/entry/src/main/ets/pages/Chat.ets:475:24
 'showToast' has been deprecated.
[39m[39m
[33m34 WARN: [33m[33mArkTS:WARN File: C:/Users/32328/Desktop/AI_emotion/entry/src/main/ets/pages/Chat.ets:482:24
 'showToast' has been deprecated.
[39m[39m
[33m35 WARN: [33m[33mArkTS:WARN File: C:/Users/32328/Desktop/AI_emotion/entry/src/main/ets/pages/Chat.ets:490:22
 'showToast' has been deprecated.
[39m[39m
[33m36 WARN: [33m[33mArkTS:WARN File: C:/Users/32328/Desktop/AI_emotion/entry/src/main/ets/pages/TreeHole.ets:57:22
 'back' has been deprecated.
[39m[39m
[33m37 WARN: [33m[33mArkTS:WARN File: C:/Users/32328/Desktop/AI_emotion/entry/src/main/ets/pages/TreeHole.ets:282:22
 'pushUrl' has been deprecated.
[39m[39m
[33m38 WARN: [33m[33mArkTS:WARN File: C:/Users/32328/Desktop/AI_emotion/entry/src/main/ets/pages/TreeHole.ets:310:22
 'showToast' has been deprecated.
[39m[39m
[33m39 WARN: [33m[33mArkTS:WARN File: C:/Users/32328/Desktop/AI_emotion/entry/src/main/ets/pages/TreeHole.ets:327:24
 'showToast' has been deprecated.
[39m[39m
[33m40 WARN: [33m[33mArkTS:WARN File: C:/Users/32328/Desktop/AI_emotion/entry/src/main/ets/pages/TreeHole.ets:335:24
 'showToast' has been deprecated.
[39m[39m
[33m41 WARN: [33m[33mArkTS:WARN File: C:/Users/32328/Desktop/AI_emotion/entry/src/main/ets/pages/TreeHole.ets:348:22
 'showToast' has been deprecated.
[39m[39m
[33m42 WARN: [33m[33mArkTS:WARN File: C:/Users/32328/Desktop/AI_emotion/entry/src/main/ets/pages/TreeHoleDetail.ets:25:29
 'getParams' has been deprecated.
[39m[39m
[33m43 WARN: [33m[33mArkTS:WARN File: C:/Users/32328/Desktop/AI_emotion/entry/src/main/ets/pages/TreeHoleDetail.ets:65:22
 'showToast' has been deprecated.
[39m[39m
[33m44 WARN: [33m[33mArkTS:WARN File: C:/Users/32328/Desktop/AI_emotion/entry/src/main/ets/pages/TreeHoleDetail.ets:74:22
 'showToast' has been deprecated.
[39m[39m
[33m45 WARN: [33m[33mArkTS:WARN File: C:/Users/32328/Desktop/AI_emotion/entry/src/main/ets/pages/TreeHoleDetail.ets:83:22
 'showToast' has been deprecated.
[39m[39m
[33m46 WARN: [33m[33mArkTS:WARN File: C:/Users/32328/Desktop/AI_emotion/entry/src/main/ets/pages/TreeHoleDetail.ets:94:22
 'showToast' has been deprecated.
[39m[39m
[33m47 WARN: [33m[33mArkTS:WARN File: C:/Users/32328/Desktop/AI_emotion/entry/src/main/ets/pages/TreeHoleDetail.ets:99:16
 'back' has been deprecated.
[39m[39m
[33m48 WARN: [33m[33mArkTS:WARN File: C:/Users/32328/Desktop/AI_emotion/entry/src/main/ets/pages/TreeHoleDetail.ets:106:22
 'showToast' has been deprecated.
[39m[39m
[33m49 WARN: [33m[33mArkTS:WARN File: C:/Users/32328/Desktop/AI_emotion/entry/src/main/ets/pages/TreeHoleDetail.ets:120:20
 'back' has been deprecated.
[39m[39m
[33m50 WARN: [33m[33mArkTS:WARN File: C:/Users/32328/Desktop/AI_emotion/entry/src/main/ets/pages/Plaza.ets:41:36
 'matchMediaSync' has been deprecated.
[39m[39m
[33m51 WARN: [33m[33mArkTS:WARN File: C:/Users/32328/Desktop/AI_emotion/entry/src/main/ets/pages/Plaza.ets:138:22
 'showToast' has been deprecated.
[39m[39m
[33m52 WARN: [33m[33mArkTS:WARN File: C:/Users/32328/Desktop/AI_emotion/entry/src/main/ets/pages/Plaza.ets:156:20
 'showToast' has been deprecated.
[39m[39m
[33m53 WARN: [33m[33mArkTS:WARN File: C:/Users/32328/Desktop/AI_emotion/entry/src/main/ets/pages/Plaza.ets:178:22
 'showToast' has been deprecated.
[39m[39m
[33m54 WARN: [33m[33mArkTS:WARN File: C:/Users/32328/Desktop/AI_emotion/entry/src/main/ets/pages/Plaza.ets:188:22
 'showToast' has been deprecated.
[39m[39m
[33m55 WARN: [33m[33mArkTS:WARN File: C:/Users/32328/Desktop/AI_emotion/entry/src/main/ets/pages/Plaza.ets:202:22
 'showToast' has been deprecated.
[39m[39m
[33m56 WARN: [33m[33mArkTS:WARN File: C:/Users/32328/Desktop/AI_emotion/entry/src/main/ets/pages/Plaza.ets:212:22
 'showToast' has been deprecated.
[39m[39m
[33m57 WARN: [33m[33mArkTS:WARN File: C:/Users/32328/Desktop/AI_emotion/entry/src/main/ets/pages/Plaza.ets:219:22
 'showToast' has been deprecated.
[39m[39m
[33m58 WARN: [33m[33mArkTS:WARN File: C:/Users/32328/Desktop/AI_emotion/entry/src/main/ets/pages/Plaza.ets:233:22
 'showToast' has been deprecated.
[39m[39m
[33m59 WARN: [33m[33mArkTS:WARN File: C:/Users/32328/Desktop/AI_emotion/entry/src/main/ets/pages/Plaza.ets:246:22
 'showToast' has been deprecated.
[39m[39m
[33m60 WARN: [33m[33mArkTS:WARN File: C:/Users/32328/Desktop/AI_emotion/entry/src/main/ets/pages/Plaza.ets:253:22
 'showToast' has been deprecated.
[39m[39m
[33m61 WARN: [33m[33mArkTS:WARN File: C:/Users/32328/Desktop/AI_emotion/entry/src/main/ets/pages/Plaza.ets:661:28
 'showToast' has been deprecated.
[39m[39m
[33m62 WARN: [33m[33mArkTS:WARN File: C:/Users/32328/Desktop/AI_emotion/entry/src/main/ets/pages/Plaza.ets:668:20
 'pushUrl' has been deprecated.
[39m[39m
[33m63 WARN: [33m[33mArkTS:WARN File: C:/Users/32328/Desktop/AI_emotion/entry/src/main/ets/pages/PostDetail.ets:31:29
 'getParams' has been deprecated.
[39m[39m
[33m64 WARN: [33m[33mArkTS:WARN File: C:/Users/32328/Desktop/AI_emotion/entry/src/main/ets/pages/PostDetail.ets:67:22
 'showToast' has been deprecated.
[39m[39m
[33m65 WARN: [33m[33mArkTS:WARN File: C:/Users/32328/Desktop/AI_emotion/entry/src/main/ets/pages/PostDetail.ets:78:22
 'showToast' has been deprecated.
[39m[39m
[33m66 WARN: [33m[33mArkTS:WARN File: C:/Users/32328/Desktop/AI_emotion/entry/src/main/ets/pages/PostDetail.ets:85:22
 'showToast' has been deprecated.
[39m[39m
[33m67 WARN: [33m[33mArkTS:WARN File: C:/Users/32328/Desktop/AI_emotion/entry/src/main/ets/pages/PostDetail.ets:97:22
 'showToast' has been deprecated.
[39m[39m
[33m68 WARN: [33m[33mArkTS:WARN File: C:/Users/32328/Desktop/AI_emotion/entry/src/main/ets/pages/PostDetail.ets:104:22
 'showToast' has been deprecated.
[39m[39m
[33m69 WARN: [33m[33mArkTS:WARN File: C:/Users/32328/Desktop/AI_emotion/entry/src/main/ets/pages/PostDetail.ets:119:20
 'back' has been deprecated.
[39m[39m
[33m70 WARN: [33m[33mArkTS:WARN File: C:/Users/32328/Desktop/AI_emotion/entry/src/main/ets/pages/VoiceRecord.ets:61:33
 'back' has been deprecated.
[39m[39m
[33m71 WARN: [33m[33mArkTS:WARN File: C:/Users/32328/Desktop/AI_emotion/entry/src/main/ets/pages/VoiceRecord.ets:313:33
 'pushUrl' has been deprecated.
[39m[39m
[33m72 WARN: [33m[33mArkTS:WARN File: C:/Users/32328/Desktop/AI_emotion/entry/src/main/ets/pages/VoiceRecord.ets:347:20
 'showToast' has been deprecated.
[39m[39m
[33m73 WARN: [33m[33mArkTS:WARN File: C:/Users/32328/Desktop/AI_emotion/entry/src/main/ets/pages/VoiceRecord.ets:415:20
 'showToast' has been deprecated.
[39m[39m
[33m74 WARN: [33m[33mArkTS:WARN File: C:/Users/32328/Desktop/AI_emotion/entry/src/main/ets/pages/VoiceRecordDetail.ets:13:27
 'getParams' has been deprecated.
[39m[39m
[33m75 WARN: [33m[33mArkTS:WARN File: C:/Users/32328/Desktop/AI_emotion/entry/src/main/ets/pages/VoiceRecordDetail.ets:22:43
 'back' has been deprecated.
[39m[39m
[33m76 WARN: [33m[33mArkTS:WARN File: C:/Users/32328/Desktop/AI_emotion/entry/src/main/ets/pages/EmotionReport.ets:35:33
 'back' has been deprecated.
[39m[39m
[33m77 WARN: [33m[33mArkTS:WARN File: C:/Users/32328/Desktop/AI_emotion/entry/src/main/ets/pages/EmotionReport.ets:139:39
 'pushUrl' has been deprecated.
[39m[39m
[33m78 WARN: [33m[33mArkTS:WARN File: C:/Users/32328/Desktop/AI_emotion/entry/src/main/ets/pages/RecommendationPage.ets:44:7
 Function may throw exceptions. Special handling is required.
[39m[39m
[33m79 WARN: [33m[33mArkTS:WARN File: C:/Users/32328/Desktop/AI_emotion/entry/src/main/ets/pages/RecommendationPage.ets:44:20
 'showToast' has been deprecated.
[39m[39m
[33m80 WARN: [33m[33mArkTS:WARN File: C:/Users/32328/Desktop/AI_emotion/entry/src/main/ets/pages/RecommendationPage.ets:57:20
 'showToast' has been deprecated.
[39m[39m
[33m81 WARN: [33m[33mArkTS:WARN File: C:/Users/32328/Desktop/AI_emotion/entry/src/main/ets/pages/RecommendationPage.ets:60:7
 Function may throw exceptions. Special handling is required.
[39m[39m
[33m82 WARN: [33m[33mArkTS:WARN File: C:/Users/32328/Desktop/AI_emotion/entry/src/main/ets/pages/RecommendationPage.ets:60:20
 'showToast' has been deprecated.
[39m[39m
[33m83 WARN: [33m[33mArkTS:WARN File: C:/Users/32328/Desktop/AI_emotion/entry/src/main/ets/pages/RecommendationPage.ets:69:43
 'back' has been deprecated.
[39m[39m
[33m84 WARN: [33m[33mArkTS:WARN File: C:/Users/32328/Desktop/AI_emotion/entry/src/main/ets/pages/ProfileTimeline.ets:64:43
 'back' has been deprecated.
[39m[39m
[33m85 WARN: [33m[33mArkTS:WARN File: C:/Users/32328/Desktop/AI_emotion/entry/src/main/ets/pages/MatchPage.ets:57:7
 Function may throw exceptions. Special handling is required.
[39m[39m
[33m86 WARN: [33m[33mArkTS:WARN File: C:/Users/32328/Desktop/AI_emotion/entry/src/main/ets/pages/MatchPage.ets:57:20
 'showToast' has been deprecated.
[39m[39m
[33m87 WARN: [33m[33mArkTS:WARN File: C:/Users/32328/Desktop/AI_emotion/entry/src/main/ets/pages/MatchPage.ets:71:20
 'showToast' has been deprecated.
[39m[39m
[33m88 WARN: [33m[33mArkTS:WARN File: C:/Users/32328/Desktop/AI_emotion/entry/src/main/ets/pages/MatchPage.ets:74:7
 Function may throw exceptions. Special handling is required.
[39m[39m
[33m89 WARN: [33m[33mArkTS:WARN File: C:/Users/32328/Desktop/AI_emotion/entry/src/main/ets/pages/MatchPage.ets:74:20
 'showToast' has been deprecated.
[39m[39m
[33m90 WARN: [33m[33mArkTS:WARN File: C:/Users/32328/Desktop/AI_emotion/entry/src/main/ets/pages/MatchPage.ets:83:43
 'back' has been deprecated.
[39m[39m
[33m91 WARN: [33m[33mArkTS:WARN File: C:/Users/32328/Desktop/AI_emotion/entry/src/main/ets/pages/AccountSettings.ets:70:7
 Function may throw exceptions. Special handling is required.
[39m[39m
[33m92 WARN: [33m[33mArkTS:WARN File: C:/Users/32328/Desktop/AI_emotion/entry/src/main/ets/pages/AccountSettings.ets:70:20
 'showToast' has been deprecated.
[39m[39m
[33m93 WARN: [33m[33mArkTS:WARN File: C:/Users/32328/Desktop/AI_emotion/entry/src/main/ets/pages/AccountSettings.ets:101:22
 'showToast' has been deprecated.
[39m[39m
[33m94 WARN: [33m[33mArkTS:WARN File: C:/Users/32328/Desktop/AI_emotion/entry/src/main/ets/pages/AccountSettings.ets:107:20
 'showToast' has been deprecated.
[39m[39m
[33m95 WARN: [33m[33mArkTS:WARN File: C:/Users/32328/Desktop/AI_emotion/entry/src/main/ets/pages/AccountSettings.ets:109:14
 'replaceUrl' has been deprecated.
[39m[39m
[33m96 WARN: [33m[33mArkTS:WARN File: C:/Users/32328/Desktop/AI_emotion/entry/src/main/ets/pages/AccountSettings.ets:112:7
 Function may throw exceptions. Special handling is required.
[39m[39m
[33m97 WARN: [33m[33mArkTS:WARN File: C:/Users/32328/Desktop/AI_emotion/entry/src/main/ets/pages/AccountSettings.ets:112:20
 'showToast' has been deprecated.
[39m[39m
[33m98 WARN: [33m[33mArkTS:WARN File: C:/Users/32328/Desktop/AI_emotion/entry/src/main/ets/pages/AccountSettings.ets:125:22
 'showToast' has been deprecated.
[39m[39m
[33m99 WARN: [33m[33mArkTS:WARN File: C:/Users/32328/Desktop/AI_emotion/entry/src/main/ets/pages/AccountSettings.ets:131:20
 'showToast' has been deprecated.
[39m[39m
[33m100 WARN: [33m[33mArkTS:WARN File: C:/Users/32328/Desktop/AI_emotion/entry/src/main/ets/pages/AccountSettings.ets:133:14
 'replaceUrl' has been deprecated.
[39m[39m
[33m101 WARN: [33m[33mArkTS:WARN File: C:/Users/32328/Desktop/AI_emotion/entry/src/main/ets/pages/AccountSettings.ets:141:7
 Function may throw exceptions. Special handling is required.
[39m[39m
[33m102 WARN: [33m[33mArkTS:WARN File: C:/Users/32328/Desktop/AI_emotion/entry/src/main/ets/pages/AccountSettings.ets:141:20
 'showToast' has been deprecated.
[39m[39m
[33m103 WARN: [33m[33mArkTS:WARN File: C:/Users/32328/Desktop/AI_emotion/entry/src/main/ets/pages/AccountSettings.ets:154:20
 'showToast' has been deprecated.
[39m[39m
[33m104 WARN: [33m[33mArkTS:WARN File: C:/Users/32328/Desktop/AI_emotion/entry/src/main/ets/pages/AccountSettings.ets:157:7
 Function may throw exceptions. Special handling is required.
[39m[39m
[33m105 WARN: [33m[33mArkTS:WARN File: C:/Users/32328/Desktop/AI_emotion/entry/src/main/ets/pages/AccountSettings.ets:157:20
 'showToast' has been deprecated.
[39m[39m
[33m106 WARN: [33m[33mArkTS:WARN File: C:/Users/32328/Desktop/AI_emotion/entry/src/main/ets/pages/AccountSettings.ets:168:20
 'showToast' has been deprecated.
[39m[39m
[33m107 WARN: [33m[33mArkTS:WARN File: C:/Users/32328/Desktop/AI_emotion/entry/src/main/ets/pages/AccountSettings.ets:171:7
 Function may throw exceptions. Special handling is required.
[39m[39m
[33m108 WARN: [33m[33mArkTS:WARN File: C:/Users/32328/Desktop/AI_emotion/entry/src/main/ets/pages/AccountSettings.ets:171:20
 'showToast' has been deprecated.
[39m[39m
[33m109 WARN: [33m[33mArkTS:WARN File: C:/Users/32328/Desktop/AI_emotion/entry/src/main/ets/pages/AccountSettings.ets:191:20
 'showToast' has been deprecated.
[39m[39m
[33m110 WARN: [33m[33mArkTS:WARN File: C:/Users/32328/Desktop/AI_emotion/entry/src/main/ets/pages/AccountSettings.ets:194:7
 Function may throw exceptions. Special handling is required.
[39m[39m
[33m111 WARN: [33m[33mArkTS:WARN File: C:/Users/32328/Desktop/AI_emotion/entry/src/main/ets/pages/AccountSettings.ets:194:20
 'showToast' has been deprecated.
[39m[39m
[33m112 WARN: [33m[33mArkTS:WARN File: C:/Users/32328/Desktop/AI_emotion/entry/src/main/ets/pages/AccountSettings.ets:203:20
 'showToast' has been deprecated.
[39m[39m
[33m113 WARN: [33m[33mArkTS:WARN File: C:/Users/32328/Desktop/AI_emotion/entry/src/main/ets/pages/AccountSettings.ets:204:14
 'replaceUrl' has been deprecated.
[39m[39m
[33m114 WARN: [33m[33mArkTS:WARN File: C:/Users/32328/Desktop/AI_emotion/entry/src/main/ets/pages/AccountSettings.ets:206:7
 Function may throw exceptions. Special handling is required.
[39m[39m
[33m115 WARN: [33m[33mArkTS:WARN File: C:/Users/32328/Desktop/AI_emotion/entry/src/main/ets/pages/AccountSettings.ets:206:20
 'showToast' has been deprecated.
[39m[39m
[33m116 WARN: [33m[33mArkTS:WARN File: C:/Users/32328/Desktop/AI_emotion/entry/src/main/ets/pages/AccountSettings.ets:227:74
 'back' has been deprecated.
[39m[39m
[33m117 WARN: [33m[33mArkTS:WARN File: C:/Users/32328/Desktop/AI_emotion/entry/src/main/ets/pages/AccountSettings.ets:281:32
 'showToast' has been deprecated.
[39m[39m
[33m118 WARN: [33m[33mArkTS:WARN File: C:/Users/32328/Desktop/AI_emotion/entry/src/main/ets/pages/AccountSettings.ets:282:26
 'replaceUrl' has been deprecated.
[39m[39m
[33m119 WARN: [33m[33mArkTS:WARN File: C:/Users/32328/Desktop/AI_emotion/entry/src/main/ets/pages/AccountSettings.ets:285:32
 'showToast' has been deprecated.
[39m[39m
[33m120 WARN: [33m[33mArkTS:WARN File: C:/Users/32328/Desktop/AI_emotion/entry/src/main/ets/pages/AccountSettings.ets:295:32
 'animateTo' has been deprecated.
[39m[39m
[33m121 WARN: [33m[33mArkTS:WARN File: C:/Users/32328/Desktop/AI_emotion/entry/src/main/ets/pages/SafetyHelp.ets:57:33
 'back' has been deprecated.
[39m[39m
[33m122 WARN: [33m[33mArkTS:WARN File: C:/Users/32328/Desktop/AI_emotion/entry/src/main/ets/pages/SafetyHelp.ets:110:28
 'showToast' has been deprecated.
[39m[39m
[33m123 WARN: [33m[33mArkTS:WARN File: C:/Users/32328/Desktop/AI_emotion/entry/src/main/ets/pages/SafetyHelp.ets:122:30
 'showToast' has been deprecated.
[39m[39m
[33m124 WARN: [33m[33mArkTS:WARN File: C:/Users/32328/Desktop/AI_emotion/entry/src/main/ets/pages/SafetyHelp.ets:131:37
 'replaceUrl' has been deprecated.
[39m[39m[39m
> hvigor [91mERROR: ArkTS Compiler Error
[31m1 ERROR: [31m10605040 ArkTS Compiler Error
Error Message: Object literals cannot be used as type declarations (arkts-no-obj-literals-as-types) At File: C:/Users/32328/Desktop/AI_emotion/entry/src/main/ets/pages/Index.ets:14:23
[39m
[39m
[31m2 ERROR: [31m10605008 ArkTS Compiler Error
Error Message: Use explicit types instead of "any", "unknown" (arkts-no-any-unknown) At File: C:/Users/32328/Desktop/AI_emotion/entry/src/main/ets/pages/Index.ets:165:22
[39m
[39m
[31m3 ERROR: [31m10605008 ArkTS Compiler Error
Error Message: Use explicit types instead of "any", "unknown" (arkts-no-any-unknown) At File: C:/Users/32328/Desktop/AI_emotion/entry/src/main/ets/pages/Index.ets:166:22
[39m
[39m
[31m4 ERROR: [31m10605008 ArkTS Compiler Error
Error Message: Use explicit types instead of "any", "unknown" (arkts-no-any-unknown) At File: C:/Users/32328/Desktop/AI_emotion/entry/src/main/ets/pages/Index.ets:167:22
[39m
[39m
[31m5 ERROR: [31m10605008 ArkTS Compiler Error
Error Message: Use explicit types instead of "any", "unknown" (arkts-no-any-unknown) At File: C:/Users/32328/Desktop/AI_emotion/entry/src/main/ets/pages/Index.ets:168:22
[39m
[39m
[31m6 ERROR: [31m10605008 ArkTS Compiler Error
Error Message: Use explicit types instead of "any", "unknown" (arkts-no-any-unknown) At File: C:/Users/32328/Desktop/AI_emotion/entry/src/main/ets/pages/Index.ets:169:22
[39m
[39m
[31mCOMPILE RESULT:FAIL {ERROR:7 WARN:124}[39m

[31m* Try:
> Run with --stacktrace option to get the stack trace.
> Run with --debug option to get more log output.
[39m
> hvigor [91mERROR: BUILD FAILED in 2 s 42 ms [39m
